DATA/RRBADGE.TIM
DATA/RRBADGE.TIM
DATA/INTRO.TIM
DATA/INTRO.TIM
DATA/MENU/CHKPOINT.DAT
DATA/MENU/CHKPOINT.DAT
DATA/SOUND/MENU.VH
DATA/SOUND/MENU.VH
DATA/SOUND/MENU.VB
DATA/SOUND/MENU.VB
DATA/ENGLISH.DAT
DATA/ENGLISH.DAT
DATA/MENU/BOAT.TEX
DATA/MENU/BOAT.TEX
DATA/MENU/TRACK.TEX
DATA/MENU/TRACK.TEX
DATA/MENU/ENGLISH.TEX
DATA/MENU/ENGLISH.TEX
DATA/BACKGND.DAT
DATA/BACKGND.DAT
DATA/MENU/WATER.TEX
DATA/MENU/WATER.TEX
DATA/MENU/ENGLISH.TEX
DATA/MENU/ENGLISH.TEX
DATA/MAPS/MIAMI_1.TIM
DATA/MAPS/MIAMI_1.TIM
DATA/MAPS/MIAMI_2.TIM
DATA/MAPS/MIAMI_2.TIM
DATA/MAPS/MIAMI_1.TIM
DATA/MAPS/MIAMI_1.TIM
DATA/MAPS/MIAMI_2.TIM
DATA/MAPS/MIAMI_2.TIM
DATA/BOATS/MODELS.IFF
DATA/BOATS/MODELS.IFF
DATA/MIAMI/DAY/VRAM.IFF
DATA/MIAMI/DAY/VRAM.IFF
DATA/MIAMI/DAY/COURSE.GPH
DATA/MIAMI/DAY/COURSE.GPH
DATA/MIAMI/DAY/EASY.JET
DATA/MIAMI/DAY/EASY.JET
DATA/SOUND/JET5.VH
DATA/SOUND/JET5.VH
DATA/SOUND/JET5.VB
DATA/SOUND/JET5.VB
DATA/SOUND/SPEAK.VH
DATA/SOUND/SPEAK.VH
DATA/SOUND/SPEAK.VB
DATA/SOUND/SPEAK.VB
MUSIC/2.WAV
DATA/RRBADGE.TIM
DATA/RRBADGE.TIM
DATA/INTRO.TIM
DATA/INTRO.TIM
DATA/MENU/CHKPOINT.DAT
DATA/MENU/CHKPOINT.DAT
DATA/SOUND/MENU.VH
DATA/SOUND/MENU.VH
DATA/SOUND/MENU.VB
DATA/SOUND/MENU.VB
DATA/ENGLISH.DAT
DATA/ENGLISH.DAT
DATA/MENU/BOAT.TEX
DATA/MENU/BOAT.TEX
DATA/MENU/TRACK.TEX
DATA/MENU/TRACK.TEX
DATA/MENU/ENGLISH.TEX
DATA/MENU/ENGLISH.TEX
DATA/BACKGND.DAT
DATA/BACKGND.DAT
DATA/MENU/WATER.TEX
DATA/MENU/WATER.TEX
DATA/FRENCH.DAT
DATA/FRENCH.DAT
DATA/MENU/BOAT.TEX
DATA/MENU/BOAT.TEX
DATA/MENU/TRACK.TEX
DATA/MENU/TRACK.TEX
DATA/MENU/FRENCH.TEX
DATA/MENU/FRENCH.TEX
DATA/MENU/FRENCH.TEX
DATA/MENU/FRENCH.TEX
DATA/MENU/BOAT.TEX
DATA/MENU/BOAT.TEX
DATA/MAPS/CANYON_1.TIM
DATA/MAPS/CANYON_1.TIM
DATA/MAPS/CANYON_2.TIM
DATA/MAPS/CANYON_2.TIM
DATA/MAPS/CANYON_1.TIM
DATA/MAPS/CANYON_1.TIM
DATA/MAPS/CANYON_2.TIM
DATA/MAPS/CANYON_2.TIM
DATA/BOATS/MODELS.IFF
DATA/BOATS/MODELS.IFF
DATA/CANYON/DAY/VRAM.IFF
DATA/CANYON/DAY/VRAM.IFF
DATA/CANYON/DAY/COURSE.GPH
DATA/CANYON/DAY/COURSE.GPH
DATA/CANYON/DAY/EASY.JET
DATA/CANYON/DAY/EASY.JET
DATA/SOUND/JET5.VH
DATA/SOUND/JET5.VH
DATA/SOUND/JET5.VB
DATA/SOUND/JET5.VB
DATA/SOUND/SPEAK.VH
DATA/SOUND/SPEAK.VH
DATA/SOUND/SPEAK.VB
DATA/SOUND/SPEAK.VB
MUSIC/3.WAV
DATA/RRBADGE.TIM
DATA/RRBADGE.TIM
DATA/INTRO.TIM
DATA/INTRO.TIM
DATA/MENU/CHKPOINT.DAT
DATA/MENU/CHKPOINT.DAT
DATA/SOUND/MENU.VH
DATA/SOUND/MENU.VH
DATA/SOUND/MENU.VB
DATA/SOUND/MENU.VB
DATA/ENGLISH.DAT
DATA/ENGLISH.DAT
DATA/MENU/BOAT.TEX
DATA/MENU/BOAT.TEX
DATA/MENU/TRACK.TEX
DATA/MENU/TRACK.TEX
DATA/MENU/ENGLISH.TEX
DATA/MENU/ENGLISH.TEX
DATA/BACKGND.DAT
DATA/BACKGND.DAT
DATA/MENU/WATER.TEX
DATA/MENU/WATER.TEX
DATA/GERMAN.DAT
DATA/GERMAN.DAT
DATA/MENU/BOAT.TEX
DATA/MENU/BOAT.TEX
DATA/MENU/TRACK.TEX
DATA/MENU/TRACK.TEX
DATA/MENU/GERMAN.TEX
DATA/MENU/GERMAN.TEX
DATA/MENU/GERMAN.TEX
DATA/MENU/GERMAN.TEX
DATA/MENU/BOAT.TEX
DATA/MENU/BOAT.TEX
DATA/MAPS/ALASKA_1.TIM
DATA/MAPS/ALASKA_1.TIM
DATA/MAPS/ALASKA_2.TIM
DATA/MAPS/ALASKA_2.TIM
DATA/MAPS/ALASKA_1.TIM
DATA/MAPS/ALASKA_1.TIM
DATA/MAPS/ALASKA_2.TIM
DATA/MAPS/ALASKA_2.TIM
DATA/BOATS/MODELS.IFF
DATA/BOATS/MODELS.IFF
DATA/ALASKA/DAY/VRAM.IFF
DATA/ALASKA/DAY/VRAM.IFF
DATA/ALASKA/DAY/COURSE.GPH
DATA/ALASKA/DAY/COURSE.GPH
DATA/ALASKA/DAY/EASY.JET
DATA/ALASKA/DAY/EASY.JET
DATA/SOUND/JET5.VH
DATA/SOUND/JET5.VH
DATA/SOUND/JET5.VB
DATA/SOUND/JET5.VB
DATA/SOUND/SPEAK.VH
DATA/SOUND/SPEAK.VH
DATA/SOUND/SPEAK.VB
DATA/SOUND/SPEAK.VB
MUSIC/4.WAV
DATA/RRBADGE.TIM
DATA/RRBADGE.TIM
DATA/INTRO.TIM
DATA/INTRO.TIM
DATA/MENU/CHKPOINT.DAT
DATA/MENU/CHKPOINT.DAT
DATA/SOUND/MENU.VH
DATA/SOUND/MENU.VH
DATA/SOUND/MENU.VB
DATA/SOUND/MENU.VB
DATA/ENGLISH.DAT
DATA/ENGLISH.DAT
DATA/MENU/BOAT.TEX
DATA/MENU/BOAT.TEX
DATA/MENU/TRACK.TEX
DATA/MENU/TRACK.TEX
DATA/MENU/ENGLISH.TEX
DATA/MENU/ENGLISH.TEX
DATA/BACKGND.DAT
DATA/BACKGND.DAT
DATA/MENU/WATER.TEX
DATA/MENU/WATER.TEX
DATA/ITALIAN.DAT
DATA/ITALIAN.DAT
DATA/MENU/BOAT.TEX
DATA/MENU/BOAT.TEX
DATA/MENU/TRACK.TEX
DATA/MENU/TRACK.TEX
DATA/MENU/ITALIAN.TEX
DATA/MENU/ITALIAN.TEX
DATA/MENU/ITALIAN.TEX
DATA/MENU/ITALIAN.TEX
DATA/BOATS/MODELS.IFF
DATA/BOATS/MODELS.IFF
DATA/COMP/VRAM0.IFF
DATA/COMP/VRAM0.IFF
DATA/SOUND/JET5.VH
DATA/SOUND/JET5.VH
DATA/SOUND/JET5.VB
DATA/SOUND/JET5.VB
DATA/SOUND/SPEAK.VH
DATA/SOUND/SPEAK.VH
DATA/SOUND/SPEAK.VB
DATA/SOUND/SPEAK.VB
DATA/RRBADGE.TIM
DATA/RRBADGE.TIM
DATA/INTRO.TIM
DATA/INTRO.TIM
DATA/MENU/CHKPOINT.DAT
DATA/MENU/CHKPOINT.DAT
DATA/SOUND/MENU.VH
DATA/SOUND/MENU.VH
DATA/SOUND/MENU.VB
DATA/SOUND/MENU.VB
DATA/ENGLISH.DAT
DATA/ENGLISH.DAT
DATA/MENU/BOAT.TEX
DATA/MENU/BOAT.TEX
DATA/MENU/TRACK.TEX
DATA/MENU/TRACK.TEX
DATA/MENU/ENGLISH.TEX
DATA/MENU/ENGLISH.TEX
DATA/BACKGND.DAT
DATA/BACKGND.DAT
DATA/MENU/WATER.TEX
DATA/MENU/WATER.TEX
DATA/SPANISH.DAT
DATA/SPANISH.DAT
DATA/MENU/BOAT.TEX
DATA/MENU/BOAT.TEX
DATA/MENU/TRACK.TEX
DATA/MENU/TRACK.TEX
DATA/MENU/SPANISH.TEX
DATA/MENU/SPANISH.TEX
DATA/MENU/SPANISH.TEX
DATA/MENU/SPANISH.TEX
DATA/MENU/SPANISH.TEX
DATA/MENU/SPANISH.TEX
DATA/MAPS/MIAMI_1.TIM
DATA/MAPS/MIAMI_1.TIM
DATA/MAPS/MIAMI_2.TIM
DATA/MAPS/MIAMI_2.TIM
DATA/MAPS/MIAMI_1.TIM
DATA/MAPS/MIAMI_1.TIM
DATA/MAPS/MIAMI_2.TIM
DATA/MAPS/MIAMI_2.TIM
DATA/BOATS/MODELS.IFF
DATA/BOATS/MODELS.IFF
DATA/MIAMI/DAY/VRAM.IFF
DATA/MIAMI/DAY/VRAM.IFF
DATA/MIAMI/DAY/COURSE.GPH
DATA/MIAMI/DAY/COURSE.GPH
DATA/MIAMI/DAY/EASY.JET
DATA/MIAMI/DAY/EASY.JET
DATA/SOUND/JET5.VH
DATA/SOUND/JET5.VH
DATA/SOUND/JET5.VB
DATA/SOUND/JET5.VB
DATA/SOUND/SPEAK.VH
DATA/SOUND/SPEAK.VH
DATA/SOUND/SPEAK.VB
DATA/SOUND/SPEAK.VB
MUSIC/2.WAV
DATA/MENU/DATA/RRBADGE.TIM
DATA/MENU/DATA/RRBADGE.TIM
DATA/MENU/DATA/INTRO.TIM
DATA/MENU/DATA/INTRO.TIM
DATA/MENU/CHKPOINT.DAT
DATA/MENU/CHKPOINT.DAT
DATA/SOUND/MENU.VH
DATA/SOUND/MENU.VH
DATA/SOUND/MENU.VB
DATA/SOUND/MENU.VB
DATA/MENU/DATA/ENGLISH.DAT
DATA/MENU/DATA/ENGLISH.DAT
DATA/MENU/BOAT.TEX
DATA/MENU/BOAT.TEX
DATA/MENU/TRACK.TEX
DATA/MENU/TRACK.TEX
DATA/MENU/ENGLISH.TEX
DATA/MENU/ENGLISH.TEX
DATA/MENU/DATA/BACKGND.DAT
DATA/MENU/DATA/BACKGND.DAT
DATA/MENU/WATER.TEX
DATA/MENU/WATER.TEX
DATA/MENU/ENGLISH.TEX
DATA/MENU/ENGLISH.TEX
DATA/MENU/DATA/MAPS/MIAMI_1.TIM
DATA/MENU/DATA/MAPS/MIAMI_1.TIM
DATA/MENU/DATA/MAPS/MIAMI_2.TIM
DATA/MENU/DATA/MAPS/MIAMI_2.TIM
DATA/MENU/DATA/MAPS/MIAMI_1.TIM
DATA/MENU/DATA/MAPS/MIAMI_1.TIM
DATA/MENU/DATA/MAPS/MIAMI_2.TIM
DATA/MENU/DATA/MAPS/MIAMI_2.TIM
DATA/BOATS/MODELS.IFF
DATA/BOATS/MODELS.IFF
DATA/MIAMI/DAY/VRAM.IFF
DATA/MIAMI/DAY/VRAM.IFF
DATA/MIAMI/DAY/COURSE.GPH
DATA/MIAMI/DAY/COURSE.GPH
DATA/MIAMI/DAY/EASY.JET
DATA/MIAMI/DAY/EASY.JET
DATA/SOUND/JET5.VH
DATA/SOUND/JET5.VH
DATA/SOUND/JET5.VB
DATA/SOUND/JET5.VB
DATA/SOUND/SPEAK.VH
DATA/SOUND/SPEAK.VH
DATA/SOUND/SPEAK.VB
DATA/SOUND/SPEAK.VB
MUSIC/2.WAV
DATA/MENU/DATA/RRBADGE.TIM
DATA/MENU/DATA/RRBADGE.TIM
DATA/MENU/DATA/INTRO.TIM
DATA/MENU/DATA/INTRO.TIM
DATA/MENU/CHKPOINT.DAT
DATA/MENU/CHKPOINT.DAT
DATA/SOUND/MENU.VH
DATA/SOUND/MENU.VH
DATA/SOUND/MENU.VB
DATA/SOUND/MENU.VB
DATA/MENU/DATA/ENGLISH.DAT
DATA/MENU/DATA/ENGLISH.DAT
DATA/MENU/BOAT.TEX
DATA/MENU/BOAT.TEX
DATA/MENU/TRACK.TEX
DATA/MENU/TRACK.TEX
DATA/MENU/ENGLISH.TEX
DATA/MENU/ENGLISH.TEX
DATA/MENU/DATA/BACKGND.DAT
DATA/MENU/DATA/BACKGND.DAT
DATA/MENU/WATER.TEX
DATA/MENU/WATER.TEX
DATA/MENU/ENGLISH.TEX
DATA/MENU/ENGLISH.TEX
DATA/MENU/DATA/MAPS/MIAMI_1.TIM
DATA/MENU/DATA/MAPS/MIAMI_1.TIM
DATA/MENU/DATA/MAPS/MIAMI_2.TIM
DATA/MENU/DATA/MAPS/MIAMI_2.TIM
DATA/MENU/DATA/MAPS/MIAMI_1.TIM
DATA/MENU/DATA/MAPS/MIAMI_1.TIM
DATA/MENU/DATA/MAPS/MIAMI_2.TIM
DATA/MENU/DATA/MAPS/MIAMI_2.TIM
DATA/BOATS/MODELS.IFF
DATA/BOATS/MODELS.IFF
DATA/MIAMI/DAY/VRAM.IFF
DATA/MIAMI/DAY/VRAM.IFF
DATA/MIAMI/DAY/COURSE.GPH
DATA/MIAMI/DAY/COURSE.GPH
DATA/MIAMI/DAY/EASY.JET
DATA/MIAMI/DAY/EASY.JET
DATA/SOUND/JET5.VH
DATA/SOUND/JET5.VH
DATA/SOUND/JET5.VB
DATA/SOUND/JET5.VB
DATA/SOUND/SPEAK.VH
DATA/SOUND/SPEAK.VH
DATA/SOUND/SPEAK.VB
DATA/SOUND/SPEAK.VB
MUSIC/2.WAV
DATA/MENU/DATA/RRBADGE.TIM
DATA/MENU/DATA/RRBADGE.TIM
DATA/SOUND/MENU.VH
DATA/SOUND/MENU.VH
DATA/SOUND/MENU.VB
DATA/SOUND/MENU.VB
DATA/MENU/DATA/ENGLISH.DAT
DATA/MENU/DATA/ENGLISH.DAT
DATA/MENU/BOAT.TEX
DATA/MENU/BOAT.TEX
DATA/MENU/TRACK.TEX
DATA/MENU/TRACK.TEX
DATA/MENU/ENGLISH.TEX
DATA/MENU/ENGLISH.TEX
DATA/MENU/DATA/BACKGND.DAT
DATA/MENU/DATA/BACKGND.DAT
DATA/MENU/WATER.TEX
DATA/MENU/WATER.TEX
DATA/BOATS/MODELS.IFF
DATA/BOATS/MODELS.IFF
DATA/MIAMI/DAY/VRAM.IFF
DATA/MIAMI/DAY/VRAM.IFF
DATA/MIAMI/DAY/COURSE.GPH
DATA/MIAMI/DAY/COURSE.GPH
DATA/MIAMI/DAY/EASY.JET
DATA/MIAMI/DAY/EASY.JET
DATA/SOUND/JET5.VH
DATA/SOUND/JET5.VH
DATA/SOUND/JET5.VB
DATA/SOUND/JET5.VB
DATA/SOUND/SPEAK.VH
DATA/SOUND/SPEAK.VH
DATA/SOUND/SPEAK.VB
DATA/SOUND/SPEAK.VB
DATA/MENU/DATA/RRBADGE.TIM
DATA/MENU/DATA/RRBADGE.TIM
DATA/MENU/DATA/INTRO.TIM
DATA/MENU/DATA/INTRO.TIM
DATA/MENU/CHKPOINT.DAT
DATA/MENU/CHKPOINT.DAT
DATA/SOUND/MENU.VH
DATA/SOUND/MENU.VH
DATA/SOUND/MENU.VB
DATA/SOUND/MENU.VB
DATA/MENU/DATA/ENGLISH.DAT
DATA/MENU/DATA/ENGLISH.DAT
DATA/MENU/BOAT.TEX
DATA/MENU/BOAT.TEX
DATA/MENU/TRACK.TEX
DATA/MENU/TRACK.TEX
DATA/MENU/ENGLISH.TEX
DATA/MENU/ENGLISH.TEX
DATA/MENU/DATA/BACKGND.DAT
DATA/MENU/DATA/BACKGND.DAT
DATA/MENU/WATER.TEX
DATA/MENU/WATER.TEX
DATA/BOATS/MODELS.IFF
DATA/BOATS/MODELS.IFF
DATA/COMP/VRAM0.IFF
DATA/COMP/VRAM0.IFF
DATA/SOUND/JET5.VH
DATA/SOUND/JET5.VH
DATA/SOUND/JET5.VB
DATA/SOUND/JET5.VB
DATA/SOUND/SPEAK.VH
DATA/SOUND/SPEAK.VH
DATA/SOUND/SPEAK.VB
DATA/SOUND/SPEAK.VB
MUSIC/8.WAV
DATA/MENU/DATA/RRBADGE.TIM
DATA/MENU/DATA/RRBADGE.TIM
DATA/SOUND/MENU.VH
DATA/SOUND/MENU.VH
DATA/SOUND/MENU.VB
DATA/SOUND/MENU.VB
DATA/MENU/DATA/ENGLISH.DAT
DATA/MENU/DATA/ENGLISH.DAT
DATA/MENU/BOAT.TEX
DATA/MENU/BOAT.TEX
DATA/MENU/TRACK.TEX
DATA/MENU/TRACK.TEX
DATA/MENU/ENGLISH.TEX
DATA/MENU/ENGLISH.TEX
DATA/MENU/DATA/BACKGND.DAT
DATA/MENU/DATA/BACKGND.DAT
DATA/MENU/WATER.TEX
DATA/MENU/WATER.TEX
DATA/BOATS/MODELS.IFF
DATA/BOATS/MODELS.IFF
DATA/COMP/VRAM0.IFF
DATA/COMP/VRAM0.IFF
DATA/SOUND/JET5.VH
DATA/SOUND/JET5.VH
DATA/SOUND/JET5.VB
DATA/SOUND/JET5.VB
DATA/SOUND/SPEAK.VH
DATA/SOUND/SPEAK.VH
DATA/SOUND/SPEAK.VB
DATA/SOUND/SPEAK.VB
MUSIC/8.WAV
DATA/MENU/DATA/RRBADGE.TIM
DATA/MENU/DATA/RRBADGE.TIM
DATA/SOUND/MENU.VH
DATA/SOUND/MENU.VH
DATA/SOUND/MENU.VB
DATA/SOUND/MENU.VB
DATA/MENU/DATA/ENGLISH.DAT
DATA/MENU/DATA/ENGLISH.DAT
DATA/MENU/BOAT.TEX
DATA/MENU/BOAT.TEX
DATA/MENU/TRACK.TEX
DATA/MENU/TRACK.TEX
DATA/MENU/ENGLISH.TEX
DATA/MENU/ENGLISH.TEX
DATA/MENU/DATA/BACKGND.DAT
DATA/MENU/DATA/BACKGND.DAT
DATA/MENU/WATER.TEX
DATA/MENU/WATER.TEX
DATA/BOATS/MODELS.IFF
DATA/BOATS/MODELS.IFF
DATA/COMP/VRAM1.IFF
DATA/COMP/VRAM1.IFF
DATA/SOUND/JET5.VH
DATA/SOUND/JET5.VH
DATA/SOUND/JET5.VB
DATA/SOUND/JET5.VB
DATA/SOUND/SPEAK.VH
DATA/SOUND/SPEAK.VH
DATA/SOUND/SPEAK.VB
DATA/SOUND/SPEAK.VB
MUSIC/8.WAV
DATA/MENU/DATA/RRBADGE.TIM
DATA/MENU/DATA/RRBADGE.TIM
DATA/SOUND/MENU.VH
DATA/SOUND/MENU.VH
DATA/SOUND/MENU.VB
DATA/SOUND/MENU.VB
DATA/MENU/DATA/ENGLISH.DAT
DATA/MENU/DATA/ENGLISH.DAT
DATA/MENU/BOAT.TEX
DATA/MENU/BOAT.TEX
DATA/MENU/TRACK.TEX
DATA/MENU/TRACK.TEX
DATA/MENU/ENGLISH.TEX
DATA/MENU/ENGLISH.TEX
DATA/MENU/DATA/BACKGND.DAT
DATA/MENU/DATA/BACKGND.DAT
DATA/MENU/WATER.TEX
DATA/MENU/WATER.TEX
DATA/BOATS/MODELS.IFF
DATA/BOATS/MODELS.IFF
DATA/COMP/VRAM2.IFF
DATA/COMP/VRAM2.IFF
DATA/SOUND/JET5.VH
DATA/SOUND/JET5.VH
DATA/SOUND/JET5.VB
DATA/SOUND/JET5.VB
DATA/SOUND/SPEAK.VH
DATA/SOUND/SPEAK.VH
DATA/SOUND/SPEAK.VB
DATA/SOUND/SPEAK.VB
MUSIC/8.WAV
DATA/MENU/DATA/RRBADGE.TIM
DATA/MENU/DATA/RRBADGE.TIM
DATA/SOUND/MENU.VH
DATA/SOUND/MENU.VH
DATA/SOUND/MENU.VB
DATA/SOUND/MENU.VB
DATA/MENU/DATA/ENGLISH.DAT
DATA/MENU/DATA/ENGLISH.DAT
DATA/MENU/BOAT.TEX
DATA/MENU/BOAT.TEX
DATA/MENU/TRACK.TEX
DATA/MENU/TRACK.TEX
DATA/MENU/ENGLISH.TEX
DATA/MENU/ENGLISH.TEX
DATA/MENU/DATA/BACKGND.DAT
DATA/MENU/DATA/BACKGND.DAT
DATA/MENU/WATER.TEX
DATA/MENU/WATER.TEX
DATA/BOATS/MODELS.IFF
DATA/BOATS/MODELS.IFF
DATA/COMP/VRAM3.IFF
DATA/COMP/VRAM3.IFF
DATA/SOUND/JET5.VH
DATA/SOUND/JET5.VH
DATA/SOUND/JET5.VB
DATA/SOUND/JET5.VB
DATA/SOUND/SPEAK.VH
DATA/SOUND/SPEAK.VH
DATA/SOUND/SPEAK.VB
DATA/SOUND/SPEAK.VB
MUSIC/8.WAV
